Archive member included because of file (symbol)

e:/iti tranning/matrial/new folder/01- imt sdk/imt_sdk_win_64/winavr/bin/../lib/gcc/avr/4.3.3/avr5\libgcc.a(_udivmodsi4.o)
                              ./HAL/LCD/LCD_PROGRAM.o (__udivmodsi4)
e:/iti tranning/matrial/new folder/01- imt sdk/imt_sdk_win_64/winavr/bin/../lib/gcc/avr/4.3.3/avr5\libgcc.a(_exit.o)
                              e:/iti tranning/matrial/new folder/01- imt sdk/imt_sdk_win_64/winavr/bin/../lib/gcc/avr/4.3.3/../../../../avr/lib/avr5/crtm32.o (exit)
e:/iti tranning/matrial/new folder/01- imt sdk/imt_sdk_win_64/winavr/bin/../lib/gcc/avr/4.3.3/avr5\libgcc.a(_copy_data.o)
                              ./HAL/Key Pad/KPD_PROGRAMME.o (__do_copy_data)
e:/iti tranning/matrial/new folder/01- imt sdk/imt_sdk_win_64/winavr/bin/../lib/gcc/avr/4.3.3/avr5\libgcc.a(_clear_bss.o)
                              ./MCAL/USART/USART_PROGRAMING.o (__do_clear_bss)
e:/iti tranning/matrial/new folder/01- imt sdk/imt_sdk_win_64/winavr/bin/../lib/gcc/avr/4.3.3/avr5\libgcc.a(_fixunssfsi.o)
                              ./HAL/LCD/LCD_PROGRAM.o (__fixunssfsi)
e:/iti tranning/matrial/new folder/01- imt sdk/imt_sdk_win_64/winavr/bin/../lib/gcc/avr/4.3.3/avr5\libgcc.a(_addsub_sf.o)
                              e:/iti tranning/matrial/new folder/01- imt sdk/imt_sdk_win_64/winavr/bin/../lib/gcc/avr/4.3.3/avr5\libgcc.a(_fixunssfsi.o) (__subsf3)
e:/iti tranning/matrial/new folder/01- imt sdk/imt_sdk_win_64/winavr/bin/../lib/gcc/avr/4.3.3/avr5\libgcc.a(_mul_sf.o)
                              ./HAL/LCD/LCD_PROGRAM.o (__mulsf3)
e:/iti tranning/matrial/new folder/01- imt sdk/imt_sdk_win_64/winavr/bin/../lib/gcc/avr/4.3.3/avr5\libgcc.a(_gt_sf.o)
                              ./HAL/LCD/LCD_PROGRAM.o (__gtsf2)
e:/iti tranning/matrial/new folder/01- imt sdk/imt_sdk_win_64/winavr/bin/../lib/gcc/avr/4.3.3/avr5\libgcc.a(_ge_sf.o)
                              e:/iti tranning/matrial/new folder/01- imt sdk/imt_sdk_win_64/winavr/bin/../lib/gcc/avr/4.3.3/avr5\libgcc.a(_fixunssfsi.o) (__gesf2)
e:/iti tranning/matrial/new folder/01- imt sdk/imt_sdk_win_64/winavr/bin/../lib/gcc/avr/4.3.3/avr5\libgcc.a(_lt_sf.o)
                              ./HAL/LCD/LCD_PROGRAM.o (__ltsf2)
e:/iti tranning/matrial/new folder/01- imt sdk/imt_sdk_win_64/winavr/bin/../lib/gcc/avr/4.3.3/avr5\libgcc.a(_si_to_sf.o)
                              ./APP/main.o (__floatsisf)
e:/iti tranning/matrial/new folder/01- imt sdk/imt_sdk_win_64/winavr/bin/../lib/gcc/avr/4.3.3/avr5\libgcc.a(_sf_to_si.o)
                              e:/iti tranning/matrial/new folder/01- imt sdk/imt_sdk_win_64/winavr/bin/../lib/gcc/avr/4.3.3/avr5\libgcc.a(_fixunssfsi.o) (__fixsfsi)
e:/iti tranning/matrial/new folder/01- imt sdk/imt_sdk_win_64/winavr/bin/../lib/gcc/avr/4.3.3/avr5\libgcc.a(_thenan_sf.o)
                              e:/iti tranning/matrial/new folder/01- imt sdk/imt_sdk_win_64/winavr/bin/../lib/gcc/avr/4.3.3/avr5\libgcc.a(_addsub_sf.o) (__thenan_sf)
e:/iti tranning/matrial/new folder/01- imt sdk/imt_sdk_win_64/winavr/bin/../lib/gcc/avr/4.3.3/avr5\libgcc.a(_prologue.o)
                              e:/iti tranning/matrial/new folder/01- imt sdk/imt_sdk_win_64/winavr/bin/../lib/gcc/avr/4.3.3/avr5\libgcc.a(_addsub_sf.o) (__prologue_saves__)
e:/iti tranning/matrial/new folder/01- imt sdk/imt_sdk_win_64/winavr/bin/../lib/gcc/avr/4.3.3/avr5\libgcc.a(_epilogue.o)
                              e:/iti tranning/matrial/new folder/01- imt sdk/imt_sdk_win_64/winavr/bin/../lib/gcc/avr/4.3.3/avr5\libgcc.a(_addsub_sf.o) (__epilogue_restores__)
e:/iti tranning/matrial/new folder/01- imt sdk/imt_sdk_win_64/winavr/bin/../lib/gcc/avr/4.3.3/avr5\libgcc.a(_clzsi2.o)
                              e:/iti tranning/matrial/new folder/01- imt sdk/imt_sdk_win_64/winavr/bin/../lib/gcc/avr/4.3.3/avr5\libgcc.a(_si_to_sf.o) (__clzsi2)
e:/iti tranning/matrial/new folder/01- imt sdk/imt_sdk_win_64/winavr/bin/../lib/gcc/avr/4.3.3/avr5\libgcc.a(_pack_sf.o)
                              e:/iti tranning/matrial/new folder/01- imt sdk/imt_sdk_win_64/winavr/bin/../lib/gcc/avr/4.3.3/avr5\libgcc.a(_addsub_sf.o) (__pack_f)
e:/iti tranning/matrial/new folder/01- imt sdk/imt_sdk_win_64/winavr/bin/../lib/gcc/avr/4.3.3/avr5\libgcc.a(_unpack_sf.o)
                              e:/iti tranning/matrial/new folder/01- imt sdk/imt_sdk_win_64/winavr/bin/../lib/gcc/avr/4.3.3/avr5\libgcc.a(_addsub_sf.o) (__unpack_f)
e:/iti tranning/matrial/new folder/01- imt sdk/imt_sdk_win_64/winavr/bin/../lib/gcc/avr/4.3.3/avr5\libgcc.a(_fpcmp_parts_sf.o)
                              e:/iti tranning/matrial/new folder/01- imt sdk/imt_sdk_win_64/winavr/bin/../lib/gcc/avr/4.3.3/avr5\libgcc.a(_gt_sf.o) (__fpcmp_parts_f)
e:/iti tranning/matrial/new folder/01- imt sdk/imt_sdk_win_64/winavr/bin/../lib/gcc/avr/4.3.3/avr5\libgcc.a(_clz.o)
                              e:/iti tranning/matrial/new folder/01- imt sdk/imt_sdk_win_64/winavr/bin/../lib/gcc/avr/4.3.3/avr5\libgcc.a(_clzsi2.o) (__clz_tab)
e:/iti tranning/matrial/new folder/01- imt sdk/imt_sdk_win_64/winavr/bin/../lib/gcc/avr/4.3.3/../../../../avr/lib/avr5\libc.a(strcmp.o)
                              ./APP/main.o (strcmp)

Memory Configuration

Name             Origin             Length             Attributes
text             0x00000000         0x00020000         xr
data             0x00800060         0x0000ffa0         rw !x
eeprom           0x00810000         0x00010000         rw !x
fuse             0x00820000         0x00000400         rw !x
lock             0x00830000         0x00000400         rw !x
signature        0x00840000         0x00000400         rw !x
*default*        0x00000000         0xffffffff

Linker script and memory map

LOAD e:/iti tranning/matrial/new folder/01- imt sdk/imt_sdk_win_64/winavr/bin/../lib/gcc/avr/4.3.3/../../../../avr/lib/avr5/crtm32.o
LOAD ./MCAL/USART/USART_PROGRAMING.o
LOAD ./MCAL/TIMER/TIMER_PROGRAMING.o
LOAD ./MCAL/GIE/GIE_PROGRAME.o
LOAD ./MCAL/DIO/DIO_PROGRAM.o
LOAD ./MCAL/ADC/ADC_PROGRAMMING.o
LOAD ./HAL/LCD/LCD_PROGRAM.o
LOAD ./HAL/Key Pad/KPD_PROGRAMME.o
LOAD ./APP/main.o
LOAD e:/iti tranning/matrial/new folder/01- imt sdk/imt_sdk_win_64/winavr/bin/../lib/gcc/avr/4.3.3/avr5\libgcc.a
LOAD e:/iti tranning/matrial/new folder/01- imt sdk/imt_sdk_win_64/winavr/bin/../lib/gcc/avr/4.3.3/../../../../avr/lib/avr5\libc.a
LOAD e:/iti tranning/matrial/new folder/01- imt sdk/imt_sdk_win_64/winavr/bin/../lib/gcc/avr/4.3.3/avr5\libgcc.a

.hash
 *(.hash)

.dynsym
 *(.dynsym)

.dynstr
 *(.dynstr)

.gnu.version
 *(.gnu.version)

.gnu.version_d
 *(.gnu.version_d)

.gnu.version_r
 *(.gnu.version_r)

.rel.init
 *(.rel.init)

.rela.init
 *(.rela.init)

.rel.text
 *(.rel.text)
 *(.rel.text.*)
 *(.rel.gnu.linkonce.t*)

.rela.text
 *(.rela.text)
 *(.rela.text.*)
 *(.rela.gnu.linkonce.t*)

.rel.fini
 *(.rel.fini)

.rela.fini
 *(.rela.fini)

.rel.rodata
 *(.rel.rodata)
 *(.rel.rodata.*)
 *(.rel.gnu.linkonce.r*)

.rela.rodata
 *(.rela.rodata)
 *(.rela.rodata.*)
 *(.rela.gnu.linkonce.r*)

.rel.data
 *(.rel.data)
 *(.rel.data.*)
 *(.rel.gnu.linkonce.d*)

.rela.data
 *(.rela.data)
 *(.rela.data.*)
 *(.rela.gnu.linkonce.d*)

.rel.ctors
 *(.rel.ctors)

.rela.ctors
 *(.rela.ctors)

.rel.dtors
 *(.rel.dtors)

.rela.dtors
 *(.rela.dtors)

.rel.got
 *(.rel.got)

.rela.got
 *(.rela.got)

.rel.bss
 *(.rel.bss)

.rela.bss
 *(.rela.bss)

.rel.plt
 *(.rel.plt)

.rela.plt
 *(.rela.plt)

.text           0x00000000     0x2dd2
 *(.vectors)
 .vectors       0x00000000       0x54 e:/iti tranning/matrial/new folder/01- imt sdk/imt_sdk_win_64/winavr/bin/../lib/gcc/avr/4.3.3/../../../../avr/lib/avr5/crtm32.o
                0x00000000                __vectors
                0x00000000                __vector_default
 *(.vectors)
 *(.progmem.gcc*)
 *(.progmem*)
                0x00000054                . = ALIGN (0x2)
                0x00000054                __trampolines_start = .
 *(.trampolines)
 .trampolines   0x00000054        0x0 linker stubs
 *(.trampolines*)
                0x00000054                __trampolines_end = .
 *(.jumptables)
 *(.jumptables*)
 *(.lowtext)
 *(.lowtext*)
                0x00000054                __ctors_start = .
 *(.ctors)
                0x00000054                __ctors_end = .
                0x00000054                __dtors_start = .
 *(.dtors)
                0x00000054                __dtors_end = .
 SORT(*)(.ctors)
 SORT(*)(.dtors)
 *(.init0)
 .init0         0x00000054        0x0 e:/iti tranning/matrial/new folder/01- imt sdk/imt_sdk_win_64/winavr/bin/../lib/gcc/avr/4.3.3/../../../../avr/lib/avr5/crtm32.o
                0x00000054                __init
 *(.init0)
 *(.init1)
 *(.init1)
 *(.init2)
 .init2         0x00000054        0xc e:/iti tranning/matrial/new folder/01- imt sdk/imt_sdk_win_64/winavr/bin/../lib/gcc/avr/4.3.3/../../../../avr/lib/avr5/crtm32.o
 *(.init2)
 *(.init3)
 *(.init3)
 *(.init4)
 .init4         0x00000060       0x16 e:/iti tranning/matrial/new folder/01- imt sdk/imt_sdk_win_64/winavr/bin/../lib/gcc/avr/4.3.3/avr5\libgcc.a(_copy_data.o)
                0x00000060                __do_copy_data
 .init4         0x00000076       0x10 e:/iti tranning/matrial/new folder/01- imt sdk/imt_sdk_win_64/winavr/bin/../lib/gcc/avr/4.3.3/avr5\libgcc.a(_clear_bss.o)
                0x00000076                __do_clear_bss
 *(.init4)
 *(.init5)
 *(.init5)
 *(.init6)
 *(.init6)
 *(.init7)
 *(.init7)
 *(.init8)
 *(.init8)
 *(.init9)
 .init9         0x00000086        0x8 e:/iti tranning/matrial/new folder/01- imt sdk/imt_sdk_win_64/winavr/bin/../lib/gcc/avr/4.3.3/../../../../avr/lib/avr5/crtm32.o
 *(.init9)
 *(.text)
 .text          0x0000008e        0x4 e:/iti tranning/matrial/new folder/01- imt sdk/imt_sdk_win_64/winavr/bin/../lib/gcc/avr/4.3.3/../../../../avr/lib/avr5/crtm32.o
                0x0000008e                __vector_1
                0x0000008e                __vector_12
                0x0000008e                __bad_interrupt
                0x0000008e                __vector_3
                0x0000008e                __vector_13
                0x0000008e                __vector_17
                0x0000008e                __vector_19
                0x0000008e                __vector_7
                0x0000008e                __vector_4
                0x0000008e                __vector_9
                0x0000008e                __vector_2
                0x0000008e                __vector_15
                0x0000008e                __vector_8
                0x0000008e                __vector_14
                0x0000008e                __vector_10
                0x0000008e                __vector_16
                0x0000008e                __vector_18
                0x0000008e                __vector_20
 .text          0x00000092        0x0 ./MCAL/USART/USART_PROGRAMING.o
 .text          0x00000092        0x0 ./MCAL/TIMER/TIMER_PROGRAMING.o
 .text          0x00000092        0x0 ./MCAL/GIE/GIE_PROGRAME.o
 .text          0x00000092        0x0 ./MCAL/DIO/DIO_PROGRAM.o
 .text          0x00000092        0x0 ./MCAL/ADC/ADC_PROGRAMMING.o
 .text          0x00000092        0x0 ./HAL/LCD/LCD_PROGRAM.o
 .text          0x00000092        0x0 ./HAL/Key Pad/KPD_PROGRAMME.o
 .text          0x00000092        0x0 ./APP/main.o
 .text          0x00000092        0x0 e:/iti tranning/matrial/new folder/01- imt sdk/imt_sdk_win_64/winavr/bin/../lib/gcc/avr/4.3.3/avr5\libgcc.a(_udivmodsi4.o)
 .text          0x00000092        0x0 e:/iti tranning/matrial/new folder/01- imt sdk/imt_sdk_win_64/winavr/bin/../lib/gcc/avr/4.3.3/avr5\libgcc.a(_exit.o)
 .text          0x00000092        0x0 e:/iti tranning/matrial/new folder/01- imt sdk/imt_sdk_win_64/winavr/bin/../lib/gcc/avr/4.3.3/avr5\libgcc.a(_copy_data.o)
 .text          0x00000092        0x0 e:/iti tranning/matrial/new folder/01- imt sdk/imt_sdk_win_64/winavr/bin/../lib/gcc/avr/4.3.3/avr5\libgcc.a(_clear_bss.o)
 .text          0x00000092       0x58 e:/iti tranning/matrial/new folder/01- imt sdk/imt_sdk_win_64/winavr/bin/../lib/gcc/avr/4.3.3/avr5\libgcc.a(_fixunssfsi.o)
                0x00000092                __fixunssfsi
 .text          0x000000ea      0x354 e:/iti tranning/matrial/new folder/01- imt sdk/imt_sdk_win_64/winavr/bin/../lib/gcc/avr/4.3.3/avr5\libgcc.a(_addsub_sf.o)
                0x00000382                __subsf3
                0x000003e4                __addsf3
 .text          0x0000043e      0x1f4 e:/iti tranning/matrial/new folder/01- imt sdk/imt_sdk_win_64/winavr/bin/../lib/gcc/avr/4.3.3/avr5\libgcc.a(_mul_sf.o)
                0x0000043e                __mulsf3
 .text          0x00000632       0x60 e:/iti tranning/matrial/new folder/01- imt sdk/imt_sdk_win_64/winavr/bin/../lib/gcc/avr/4.3.3/avr5\libgcc.a(_gt_sf.o)
                0x00000632                __gtsf2
 .text          0x00000692       0x60 e:/iti tranning/matrial/new folder/01- imt sdk/imt_sdk_win_64/winavr/bin/../lib/gcc/avr/4.3.3/avr5\libgcc.a(_ge_sf.o)
                0x00000692                __gesf2
 .text          0x000006f2       0x60 e:/iti tranning/matrial/new folder/01- imt sdk/imt_sdk_win_64/winavr/bin/../lib/gcc/avr/4.3.3/avr5\libgcc.a(_lt_sf.o)
                0x000006f2                __ltsf2
 .text          0x00000752       0xbc e:/iti tranning/matrial/new folder/01- imt sdk/imt_sdk_win_64/winavr/bin/../lib/gcc/avr/4.3.3/avr5\libgcc.a(_si_to_sf.o)
                0x00000752                __floatsisf
 .text          0x0000080e       0xa8 e:/iti tranning/matrial/new folder/01- imt sdk/imt_sdk_win_64/winavr/bin/../lib/gcc/avr/4.3.3/avr5\libgcc.a(_sf_to_si.o)
                0x0000080e                __fixsfsi
 .text          0x000008b6        0x0 e:/iti tranning/matrial/new folder/01- imt sdk/imt_sdk_win_64/winavr/bin/../lib/gcc/avr/4.3.3/avr5\libgcc.a(_thenan_sf.o)
 .text          0x000008b6        0x0 e:/iti tranning/matrial/new folder/01- imt sdk/imt_sdk_win_64/winavr/bin/../lib/gcc/avr/4.3.3/avr5\libgcc.a(_prologue.o)
 .text          0x000008b6        0x0 e:/iti tranning/matrial/new folder/01- imt sdk/imt_sdk_win_64/winavr/bin/../lib/gcc/avr/4.3.3/avr5\libgcc.a(_epilogue.o)
 .text          0x000008b6       0x9e e:/iti tranning/matrial/new folder/01- imt sdk/imt_sdk_win_64/winavr/bin/../lib/gcc/avr/4.3.3/avr5\libgcc.a(_clzsi2.o)
                0x000008b6                __clzsi2
 .text          0x00000954      0x1aa e:/iti tranning/matrial/new folder/01- imt sdk/imt_sdk_win_64/winavr/bin/../lib/gcc/avr/4.3.3/avr5\libgcc.a(_pack_sf.o)
                0x00000954                __pack_f
 .text          0x00000afe       0xf0 e:/iti tranning/matrial/new folder/01- imt sdk/imt_sdk_win_64/winavr/bin/../lib/gcc/avr/4.3.3/avr5\libgcc.a(_unpack_sf.o)
                0x00000afe                __unpack_f
 .text          0x00000bee       0xb2 e:/iti tranning/matrial/new folder/01- imt sdk/imt_sdk_win_64/winavr/bin/../lib/gcc/avr/4.3.3/avr5\libgcc.a(_fpcmp_parts_sf.o)
                0x00000bee                __fpcmp_parts_f
 .text          0x00000ca0        0x0 e:/iti tranning/matrial/new folder/01- imt sdk/imt_sdk_win_64/winavr/bin/../lib/gcc/avr/4.3.3/avr5\libgcc.a(_clz.o)
 .text          0x00000ca0        0x0 e:/iti tranning/matrial/new folder/01- imt sdk/imt_sdk_win_64/winavr/bin/../lib/gcc/avr/4.3.3/../../../../avr/lib/avr5\libc.a(strcmp.o)
                0x00000ca0                . = ALIGN (0x2)
 *(.text.*)
 .text.USART_voidInit
                0x00000ca0       0xa2 ./MCAL/USART/USART_PROGRAMING.o
                0x00000ca0                USART_voidInit
 .text.USART_u8Read
                0x00000d42       0x1e ./MCAL/USART/USART_PROGRAMING.o
                0x00000d42                USART_u8Read
 .text.USART_voidSend
                0x00000d60       0x34 ./MCAL/USART/USART_PROGRAMING.o
                0x00000d60                USART_voidSend
 .text.USART_SendString
                0x00000d94       0x52 ./MCAL/USART/USART_PROGRAMING.o
                0x00000d94                USART_SendString
 .text.USART_ReciveString
                0x00000de6       0xbe ./MCAL/USART/USART_PROGRAMING.o
                0x00000de6                USART_ReciveString
 .text.time_for_1ms
                0x00000ea4       0x3e ./MCAL/TIMER/TIMER_PROGRAMING.o
 .text.Timer_init
                0x00000ee2       0x70 ./MCAL/TIMER/TIMER_PROGRAMING.o
                0x00000ee2                Timer_init
 .text.TIMER0_FastPwmMode
                0x00000f52       0x5a ./MCAL/TIMER/TIMER_PROGRAMING.o
                0x00000f52                TIMER0_FastPwmMode
 .text.TIMER_OC0State
                0x00000fac       0x2a ./MCAL/TIMER/TIMER_PROGRAMING.o
                0x00000fac                TIMER_OC0State
 .text.TIMER_SetOCR0TO
                0x00000fd6       0x1c ./MCAL/TIMER/TIMER_PROGRAMING.o
                0x00000fd6                TIMER_SetOCR0TO
 .text.TIMER_SetTCNT0TO
                0x00000ff2       0x1c ./MCAL/TIMER/TIMER_PROGRAMING.o
                0x00000ff2                TIMER_SetTCNT0TO
 .text.TIMER_delay_ms
                0x0000100e       0x62 ./MCAL/TIMER/TIMER_PROGRAMING.o
                0x0000100e                TIMER_delay_ms
 .text.TIMER_SetCallBack
                0x00001070       0x34 ./MCAL/TIMER/TIMER_PROGRAMING.o
                0x00001070                TIMER_SetCallBack
 .text.ICU_Init
                0x000010a4       0x2a ./MCAL/TIMER/TIMER_PROGRAMING.o
                0x000010a4                ICU_Init
 .text.ICU_SetEdge
                0x000010ce       0x3e ./MCAL/TIMER/TIMER_PROGRAMING.o
                0x000010ce                ICU_SetEdge
 .text.ICU_EnableIntrupt
                0x0000110c       0x1c ./MCAL/TIMER/TIMER_PROGRAMING.o
                0x0000110c                ICU_EnableIntrupt
 .text.ICU_DisableIntrupt
                0x00001128       0x1c ./MCAL/TIMER/TIMER_PROGRAMING.o
                0x00001128                ICU_DisableIntrupt
 .text.ICU_ReadICU
                0x00001144       0x16 ./MCAL/TIMER/TIMER_PROGRAMING.o
                0x00001144                ICU_ReadICU
 .text.ICU_SetCallBack
                0x0000115a       0x3a ./MCAL/TIMER/TIMER_PROGRAMING.o
                0x0000115a                ICU_SetCallBack
 .text.__vector_11
                0x00001194       0x66 ./MCAL/TIMER/TIMER_PROGRAMING.o
                0x00001194                __vector_11
 .text.Timer1_init
                0x000011fa       0x8c ./MCAL/TIMER/TIMER_PROGRAMING.o
                0x000011fa                Timer1_init
 .text.Timer1_SetICR
                0x00001286       0x24 ./MCAL/TIMER/TIMER_PROGRAMING.o
                0x00001286                Timer1_SetICR
 .text.Timer1_SetChannelACompaermach
                0x000012aa       0x24 ./MCAL/TIMER/TIMER_PROGRAMING.o
                0x000012aa                Timer1_SetChannelACompaermach
 .text.Timer2_init
                0x000012ce       0x86 ./MCAL/TIMER/TIMER_PROGRAMING.o
                0x000012ce                Timer2_init
 .text.TIMER2_SetCallBack
                0x00001354       0x3a ./MCAL/TIMER/TIMER_PROGRAMING.o
                0x00001354                TIMER2_SetCallBack
 .text.__vector_6
                0x0000138e       0x66 ./MCAL/TIMER/TIMER_PROGRAMING.o
                0x0000138e                __vector_6
 .text.__vector_5
                0x000013f4       0x66 ./MCAL/TIMER/TIMER_PROGRAMING.o
                0x000013f4                __vector_5
 .text.GIE_voidEnable
                0x0000145a       0x1c ./MCAL/GIE/GIE_PROGRAME.o
                0x0000145a                GIE_voidEnable
 .text.GIE_voidDesable
                0x00001476       0x1c ./MCAL/GIE/GIE_PROGRAME.o
                0x00001476                GIE_voidDesable
 .text.DIO_SetPinDirection
                0x00001492      0x1e4 ./MCAL/DIO/DIO_PROGRAM.o
                0x00001492                DIO_SetPinDirection
 .text.DIO_SetPinValue
                0x00001676      0x1e4 ./MCAL/DIO/DIO_PROGRAM.o
                0x00001676                DIO_SetPinValue
 .text.DIO_GetPinValue
                0x0000185a       0xf2 ./MCAL/DIO/DIO_PROGRAM.o
                0x0000185a                DIO_GetPinValue
 .text.DIO_SetPortDirection
                0x0000194c       0x82 ./MCAL/DIO/DIO_PROGRAM.o
                0x0000194c                DIO_SetPortDirection
 .text.DIO_SetPortValue
                0x000019ce       0x82 ./MCAL/DIO/DIO_PROGRAM.o
                0x000019ce                DIO_SetPortValue
 .text.ADC_Init
                0x00001a50       0x70 ./MCAL/ADC/ADC_PROGRAMMING.o
                0x00001a50                ADC_Init
 .text.ADC_Read
                0x00001ac0       0x72 ./MCAL/ADC/ADC_PROGRAMMING.o
                0x00001ac0                ADC_Read
 .text.LCD_Init
                0x00001b32      0x3ea ./HAL/LCD/LCD_PROGRAM.o
                0x00001b32                LCD_Init
 .text.LCD_WriteCommand
                0x00001f1c      0x216 ./HAL/LCD/LCD_PROGRAM.o
                0x00001f1c                LCD_WriteCommand
 .text.LCD_WriteData
                0x00002132      0x216 ./HAL/LCD/LCD_PROGRAM.o
                0x00002132                LCD_WriteData
 .text.LCD_WriteString
                0x00002348       0x52 ./HAL/LCD/LCD_PROGRAM.o
                0x00002348                LCD_WriteString
 .text.LCD_GoToXY
                0x0000239a       0x3c ./HAL/LCD/LCD_PROGRAM.o
                0x0000239a                LCD_GoToXY
 .text.LCD_voidDisplayIntegar
                0x000023d6      0x114 ./HAL/LCD/LCD_PROGRAM.o
                0x000023d6                LCD_voidDisplayIntegar
 .text.LCD_voidDisplaySpecialChar
                0x000024ea       0x90 ./HAL/LCD/LCD_PROGRAM.o
                0x000024ea                LCD_voidDisplaySpecialChar
 .text.KPD_Init
                0x0000257a       0x66 ./HAL/Key Pad/KPD_PROGRAMME.o
                0x0000257a                KPD_Init
 .text.KPD_u8GetPressedKye
                0x000025e0      0x17e ./HAL/Key Pad/KPD_PROGRAMME.o
                0x000025e0                KPD_u8GetPressedKye
 .text.main     0x0000275e      0x5ac ./APP/main.o
                0x0000275e                main
 .text.libgcc   0x00002d0a       0x44 e:/iti tranning/matrial/new folder/01- imt sdk/imt_sdk_win_64/winavr/bin/../lib/gcc/avr/4.3.3/avr5\libgcc.a(_udivmodsi4.o)
                0x00002d0a                __udivmodsi4
 .text.libgcc   0x00002d4e        0x0 e:/iti tranning/matrial/new folder/01- imt sdk/imt_sdk_win_64/winavr/bin/../lib/gcc/avr/4.3.3/avr5\libgcc.a(_exit.o)
 .text.libgcc   0x00002d4e        0x0 e:/iti tranning/matrial/new folder/01- imt sdk/imt_sdk_win_64/winavr/bin/../lib/gcc/avr/4.3.3/avr5\libgcc.a(_copy_data.o)
 .text.libgcc   0x00002d4e        0x0 e:/iti tranning/matrial/new folder/01- imt sdk/imt_sdk_win_64/winavr/bin/../lib/gcc/avr/4.3.3/avr5\libgcc.a(_clear_bss.o)
 .text.libgcc   0x00002d4e       0x38 e:/iti tranning/matrial/new folder/01- imt sdk/imt_sdk_win_64/winavr/bin/../lib/gcc/avr/4.3.3/avr5\libgcc.a(_prologue.o)
                0x00002d4e                __prologue_saves__
 .text.libgcc   0x00002d86       0x36 e:/iti tranning/matrial/new folder/01- imt sdk/imt_sdk_win_64/winavr/bin/../lib/gcc/avr/4.3.3/avr5\libgcc.a(_epilogue.o)
                0x00002d86                __epilogue_restores__
 .text.avr-libc
                0x00002dbc       0x12 e:/iti tranning/matrial/new folder/01- imt sdk/imt_sdk_win_64/winavr/bin/../lib/gcc/avr/4.3.3/../../../../avr/lib/avr5\libc.a(strcmp.o)
                0x00002dbc                strcmp
                0x00002dce                . = ALIGN (0x2)
 *(.fini9)
 .fini9         0x00002dce        0x0 e:/iti tranning/matrial/new folder/01- imt sdk/imt_sdk_win_64/winavr/bin/../lib/gcc/avr/4.3.3/avr5\libgcc.a(_exit.o)
                0x00002dce                exit
                0x00002dce                _exit
 *(.fini9)
 *(.fini8)
 *(.fini8)
 *(.fini7)
 *(.fini7)
 *(.fini6)
 *(.fini6)
 *(.fini5)
 *(.fini5)
 *(.fini4)
 *(.fini4)
 *(.fini3)
 *(.fini3)
 *(.fini2)
 *(.fini2)
 *(.fini1)
 *(.fini1)
 *(.fini0)
 .fini0         0x00002dce        0x4 e:/iti tranning/matrial/new folder/01- imt sdk/imt_sdk_win_64/winavr/bin/../lib/gcc/avr/4.3.3/avr5\libgcc.a(_exit.o)
 *(.fini0)
                0x00002dd2                _etext = .

.data           0x00800060      0x1f0 load address 0x00002dd2
                0x00800060                PROVIDE (__data_start, .)
 *(.data)
 .data          0x00800060        0x0 e:/iti tranning/matrial/new folder/01- imt sdk/imt_sdk_win_64/winavr/bin/../lib/gcc/avr/4.3.3/../../../../avr/lib/avr5/crtm32.o
 .data          0x00800060        0x0 ./MCAL/USART/USART_PROGRAMING.o
 .data          0x00800060        0x0 ./MCAL/TIMER/TIMER_PROGRAMING.o
 .data          0x00800060        0x0 ./MCAL/GIE/GIE_PROGRAME.o
 .data          0x00800060        0x0 ./MCAL/DIO/DIO_PROGRAM.o
 .data          0x00800060        0x0 ./MCAL/ADC/ADC_PROGRAMMING.o
 .data          0x00800060        0x0 ./HAL/LCD/LCD_PROGRAM.o
 .data          0x00800060        0x0 ./HAL/Key Pad/KPD_PROGRAMME.o
 .data          0x00800060       0xcf ./APP/main.o
 .data          0x0080012f        0x0 e:/iti tranning/matrial/new folder/01- imt sdk/imt_sdk_win_64/winavr/bin/../lib/gcc/avr/4.3.3/avr5\libgcc.a(_udivmodsi4.o)
 .data          0x0080012f        0x0 e:/iti tranning/matrial/new folder/01- imt sdk/imt_sdk_win_64/winavr/bin/../lib/gcc/avr/4.3.3/avr5\libgcc.a(_exit.o)
 .data          0x0080012f        0x0 e:/iti tranning/matrial/new folder/01- imt sdk/imt_sdk_win_64/winavr/bin/../lib/gcc/avr/4.3.3/avr5\libgcc.a(_copy_data.o)
 .data          0x0080012f        0x0 e:/iti tranning/matrial/new folder/01- imt sdk/imt_sdk_win_64/winavr/bin/../lib/gcc/avr/4.3.3/avr5\libgcc.a(_clear_bss.o)
 .data          0x0080012f        0x0 e:/iti tranning/matrial/new folder/01- imt sdk/imt_sdk_win_64/winavr/bin/../lib/gcc/avr/4.3.3/avr5\libgcc.a(_fixunssfsi.o)
 .data          0x0080012f        0x0 e:/iti tranning/matrial/new folder/01- imt sdk/imt_sdk_win_64/winavr/bin/../lib/gcc/avr/4.3.3/avr5\libgcc.a(_addsub_sf.o)
 .data          0x0080012f        0x0 e:/iti tranning/matrial/new folder/01- imt sdk/imt_sdk_win_64/winavr/bin/../lib/gcc/avr/4.3.3/avr5\libgcc.a(_mul_sf.o)
 .data          0x0080012f        0x0 e:/iti tranning/matrial/new folder/01- imt sdk/imt_sdk_win_64/winavr/bin/../lib/gcc/avr/4.3.3/avr5\libgcc.a(_gt_sf.o)
 .data          0x0080012f        0x0 e:/iti tranning/matrial/new folder/01- imt sdk/imt_sdk_win_64/winavr/bin/../lib/gcc/avr/4.3.3/avr5\libgcc.a(_ge_sf.o)
 .data          0x0080012f        0x0 e:/iti tranning/matrial/new folder/01- imt sdk/imt_sdk_win_64/winavr/bin/../lib/gcc/avr/4.3.3/avr5\libgcc.a(_lt_sf.o)
 .data          0x0080012f        0x0 e:/iti tranning/matrial/new folder/01- imt sdk/imt_sdk_win_64/winavr/bin/../lib/gcc/avr/4.3.3/avr5\libgcc.a(_si_to_sf.o)
 .data          0x0080012f        0x0 e:/iti tranning/matrial/new folder/01- imt sdk/imt_sdk_win_64/winavr/bin/../lib/gcc/avr/4.3.3/avr5\libgcc.a(_sf_to_si.o)
 .data          0x0080012f        0x8 e:/iti tranning/matrial/new folder/01- imt sdk/imt_sdk_win_64/winavr/bin/../lib/gcc/avr/4.3.3/avr5\libgcc.a(_thenan_sf.o)
                0x0080012f                __thenan_sf
 .data          0x00800137        0x0 e:/iti tranning/matrial/new folder/01- imt sdk/imt_sdk_win_64/winavr/bin/../lib/gcc/avr/4.3.3/avr5\libgcc.a(_prologue.o)
 .data          0x00800137        0x0 e:/iti tranning/matrial/new folder/01- imt sdk/imt_sdk_win_64/winavr/bin/../lib/gcc/avr/4.3.3/avr5\libgcc.a(_epilogue.o)
 .data          0x00800137        0x0 e:/iti tranning/matrial/new folder/01- imt sdk/imt_sdk_win_64/winavr/bin/../lib/gcc/avr/4.3.3/avr5\libgcc.a(_clzsi2.o)
 .data          0x00800137        0x0 e:/iti tranning/matrial/new folder/01- imt sdk/imt_sdk_win_64/winavr/bin/../lib/gcc/avr/4.3.3/avr5\libgcc.a(_pack_sf.o)
 .data          0x00800137        0x0 e:/iti tranning/matrial/new folder/01- imt sdk/imt_sdk_win_64/winavr/bin/../lib/gcc/avr/4.3.3/avr5\libgcc.a(_unpack_sf.o)
 .data          0x00800137        0x0 e:/iti tranning/matrial/new folder/01- imt sdk/imt_sdk_win_64/winavr/bin/../lib/gcc/avr/4.3.3/avr5\libgcc.a(_fpcmp_parts_sf.o)
 .data          0x00800137      0x100 e:/iti tranning/matrial/new folder/01- imt sdk/imt_sdk_win_64/winavr/bin/../lib/gcc/avr/4.3.3/avr5\libgcc.a(_clz.o)
                0x00800137                __clz_tab
 .data          0x00800237        0x0 e:/iti tranning/matrial/new folder/01- imt sdk/imt_sdk_win_64/winavr/bin/../lib/gcc/avr/4.3.3/../../../../avr/lib/avr5\libc.a(strcmp.o)
 *(.data*)
 .data.arr      0x00800237        0x8 ./APP/main.o
                0x00800237                arr
 *(.rodata)
 *(.rodata*)
 .rodata.C.0.1250
                0x0080023f       0x10 ./HAL/Key Pad/KPD_PROGRAMME.o
 *(.gnu.linkonce.d*)
                0x00800250                . = ALIGN (0x2)
 *fill*         0x0080024f        0x1 00
                0x00800250                _edata = .
                0x00800250                PROVIDE (__data_end, .)

.bss            0x00800250       0x3e
                0x00800250                PROVIDE (__bss_start, .)
 *(.bss)
 .bss           0x00800250        0x0 e:/iti tranning/matrial/new folder/01- imt sdk/imt_sdk_win_64/winavr/bin/../lib/gcc/avr/4.3.3/../../../../avr/lib/avr5/crtm32.o
 .bss           0x00800250        0x0 ./MCAL/USART/USART_PROGRAMING.o
 .bss           0x00800250        0x0 ./MCAL/TIMER/TIMER_PROGRAMING.o
 .bss           0x00800250        0x0 ./MCAL/GIE/GIE_PROGRAME.o
 .bss           0x00800250        0x0 ./MCAL/DIO/DIO_PROGRAM.o
 .bss           0x00800250        0x0 ./MCAL/ADC/ADC_PROGRAMMING.o
 .bss           0x00800250        0x0 ./HAL/LCD/LCD_PROGRAM.o
 .bss           0x00800250        0x0 ./HAL/Key Pad/KPD_PROGRAMME.o
 .bss           0x00800250        0x0 ./APP/main.o
 .bss           0x00800250        0x0 e:/iti tranning/matrial/new folder/01- imt sdk/imt_sdk_win_64/winavr/bin/../lib/gcc/avr/4.3.3/avr5\libgcc.a(_udivmodsi4.o)
 .bss           0x00800250        0x0 e:/iti tranning/matrial/new folder/01- imt sdk/imt_sdk_win_64/winavr/bin/../lib/gcc/avr/4.3.3/avr5\libgcc.a(_exit.o)
 .bss           0x00800250        0x0 e:/iti tranning/matrial/new folder/01- imt sdk/imt_sdk_win_64/winavr/bin/../lib/gcc/avr/4.3.3/avr5\libgcc.a(_copy_data.o)
 .bss           0x00800250        0x0 e:/iti tranning/matrial/new folder/01- imt sdk/imt_sdk_win_64/winavr/bin/../lib/gcc/avr/4.3.3/avr5\libgcc.a(_clear_bss.o)
 .bss           0x00800250        0x0 e:/iti tranning/matrial/new folder/01- imt sdk/imt_sdk_win_64/winavr/bin/../lib/gcc/avr/4.3.3/avr5\libgcc.a(_fixunssfsi.o)
 .bss           0x00800250        0x0 e:/iti tranning/matrial/new folder/01- imt sdk/imt_sdk_win_64/winavr/bin/../lib/gcc/avr/4.3.3/avr5\libgcc.a(_addsub_sf.o)
 .bss           0x00800250        0x0 e:/iti tranning/matrial/new folder/01- imt sdk/imt_sdk_win_64/winavr/bin/../lib/gcc/avr/4.3.3/avr5\libgcc.a(_mul_sf.o)
 .bss           0x00800250        0x0 e:/iti tranning/matrial/new folder/01- imt sdk/imt_sdk_win_64/winavr/bin/../lib/gcc/avr/4.3.3/avr5\libgcc.a(_gt_sf.o)
 .bss           0x00800250        0x0 e:/iti tranning/matrial/new folder/01- imt sdk/imt_sdk_win_64/winavr/bin/../lib/gcc/avr/4.3.3/avr5\libgcc.a(_ge_sf.o)
 .bss           0x00800250        0x0 e:/iti tranning/matrial/new folder/01- imt sdk/imt_sdk_win_64/winavr/bin/../lib/gcc/avr/4.3.3/avr5\libgcc.a(_lt_sf.o)
 .bss           0x00800250        0x0 e:/iti tranning/matrial/new folder/01- imt sdk/imt_sdk_win_64/winavr/bin/../lib/gcc/avr/4.3.3/avr5\libgcc.a(_si_to_sf.o)
 .bss           0x00800250        0x0 e:/iti tranning/matrial/new folder/01- imt sdk/imt_sdk_win_64/winavr/bin/../lib/gcc/avr/4.3.3/avr5\libgcc.a(_sf_to_si.o)
 .bss           0x00800250        0x0 e:/iti tranning/matrial/new folder/01- imt sdk/imt_sdk_win_64/winavr/bin/../lib/gcc/avr/4.3.3/avr5\libgcc.a(_thenan_sf.o)
 .bss           0x00800250        0x0 e:/iti tranning/matrial/new folder/01- imt sdk/imt_sdk_win_64/winavr/bin/../lib/gcc/avr/4.3.3/avr5\libgcc.a(_prologue.o)
 .bss           0x00800250        0x0 e:/iti tranning/matrial/new folder/01- imt sdk/imt_sdk_win_64/winavr/bin/../lib/gcc/avr/4.3.3/avr5\libgcc.a(_epilogue.o)
 .bss           0x00800250        0x0 e:/iti tranning/matrial/new folder/01- imt sdk/imt_sdk_win_64/winavr/bin/../lib/gcc/avr/4.3.3/avr5\libgcc.a(_clzsi2.o)
 .bss           0x00800250        0x0 e:/iti tranning/matrial/new folder/01- imt sdk/imt_sdk_win_64/winavr/bin/../lib/gcc/avr/4.3.3/avr5\libgcc.a(_pack_sf.o)
 .bss           0x00800250        0x0 e:/iti tranning/matrial/new folder/01- imt sdk/imt_sdk_win_64/winavr/bin/../lib/gcc/avr/4.3.3/avr5\libgcc.a(_unpack_sf.o)
 .bss           0x00800250        0x0 e:/iti tranning/matrial/new folder/01- imt sdk/imt_sdk_win_64/winavr/bin/../lib/gcc/avr/4.3.3/avr5\libgcc.a(_fpcmp_parts_sf.o)
 .bss           0x00800250        0x0 e:/iti tranning/matrial/new folder/01- imt sdk/imt_sdk_win_64/winavr/bin/../lib/gcc/avr/4.3.3/avr5\libgcc.a(_clz.o)
 .bss           0x00800250        0x0 e:/iti tranning/matrial/new folder/01- imt sdk/imt_sdk_win_64/winavr/bin/../lib/gcc/avr/4.3.3/../../../../avr/lib/avr5\libc.a(strcmp.o)
 *(.bss*)
 .bss.string.1265
                0x00800250       0x32 ./MCAL/USART/USART_PROGRAMING.o
 .bss.TIMER0_pvCallBackFunc
                0x00800282        0x2 ./MCAL/TIMER/TIMER_PROGRAMING.o
 .bss.TIMER2_pvCallBackFunc
                0x00800284        0x2 ./MCAL/TIMER/TIMER_PROGRAMING.o
 .bss.ICU_pvCallBackFunc
                0x00800286        0x2 ./MCAL/TIMER/TIMER_PROGRAMING.o
 .bss.ms        0x00800288        0x2 ./MCAL/TIMER/TIMER_PROGRAMING.o
 .bss.counter.1234
                0x0080028a        0x1 ./MCAL/TIMER/TIMER_PROGRAMING.o
 .bss.ADC_LM35  0x0080028b        0x2 ./APP/main.o
 .bss.ADC_Motor
                0x0080028d        0x1 ./APP/main.o
 *(COMMON)
                0x0080028e                PROVIDE (__bss_end, .)
                0x00002dd2                __data_load_start = LOADADDR (.data)
                0x00002fc2                __data_load_end = (__data_load_start + SIZEOF (.data))

.noinit         0x0080028e        0x0
                0x0080028e                PROVIDE (__noinit_start, .)
 *(.noinit*)
                0x0080028e                PROVIDE (__noinit_end, .)
                0x0080028e                _end = .
                0x0080028e                PROVIDE (__heap_start, .)

.eeprom         0x00810000        0x0
 *(.eeprom*)
                0x00810000                __eeprom_end = .

.fuse
 *(.fuse)
 *(.lfuse)
 *(.hfuse)
 *(.efuse)

.lock
 *(.lock*)

.signature
 *(.signature*)

.stab           0x00000000     0x31f8
 *(.stab)
 .stab          0x00000000      0x4f8 ./MCAL/USART/USART_PROGRAMING.o
 .stab          0x000004f8      0x984 ./MCAL/TIMER/TIMER_PROGRAMING.o
                                0x990 (size before relaxing)
 .stab          0x00000e7c      0x1d4 ./MCAL/GIE/GIE_PROGRAME.o
                                0x1e0 (size before relaxing)
 .stab          0x00001050      0x57c ./MCAL/DIO/DIO_PROGRAM.o
                                0x588 (size before relaxing)
 .stab          0x000015cc      0x270 ./MCAL/ADC/ADC_PROGRAMMING.o
                                0x27c (size before relaxing)
 .stab          0x0000183c      0xd8c ./HAL/LCD/LCD_PROGRAM.o
                                0xd98 (size before relaxing)
 .stab          0x000025c8      0x390 ./HAL/Key Pad/KPD_PROGRAMME.o
                                0x39c (size before relaxing)
 .stab          0x00002958      0x8a0 ./APP/main.o
                                0xa44 (size before relaxing)

.stabstr        0x00000000     0x16f6
 *(.stabstr)
 .stabstr       0x00000000     0x16f6 ./MCAL/USART/USART_PROGRAMING.o

.stab.excl
 *(.stab.excl)

.stab.exclstr
 *(.stab.exclstr)

.stab.index
 *(.stab.index)

.stab.indexstr
 *(.stab.indexstr)

.comment
 *(.comment)

.debug
 *(.debug)

.line
 *(.line)

.debug_srcinfo
 *(.debug_srcinfo)

.debug_sfnames
 *(.debug_sfnames)

.debug_aranges  0x00000000      0x180
 *(.debug_aranges)
 .debug_aranges
                0x00000000       0x20 e:/iti tranning/matrial/new folder/01- imt sdk/imt_sdk_win_64/winavr/bin/../lib/gcc/avr/4.3.3/avr5\libgcc.a(_fixunssfsi.o)
 .debug_aranges
                0x00000020       0x20 e:/iti tranning/matrial/new folder/01- imt sdk/imt_sdk_win_64/winavr/bin/../lib/gcc/avr/4.3.3/avr5\libgcc.a(_addsub_sf.o)
 .debug_aranges
                0x00000040       0x20 e:/iti tranning/matrial/new folder/01- imt sdk/imt_sdk_win_64/winavr/bin/../lib/gcc/avr/4.3.3/avr5\libgcc.a(_mul_sf.o)
 .debug_aranges
                0x00000060       0x20 e:/iti tranning/matrial/new folder/01- imt sdk/imt_sdk_win_64/winavr/bin/../lib/gcc/avr/4.3.3/avr5\libgcc.a(_gt_sf.o)
 .debug_aranges
                0x00000080       0x20 e:/iti tranning/matrial/new folder/01- imt sdk/imt_sdk_win_64/winavr/bin/../lib/gcc/avr/4.3.3/avr5\libgcc.a(_ge_sf.o)
 .debug_aranges
                0x000000a0       0x20 e:/iti tranning/matrial/new folder/01- imt sdk/imt_sdk_win_64/winavr/bin/../lib/gcc/avr/4.3.3/avr5\libgcc.a(_lt_sf.o)
 .debug_aranges
                0x000000c0       0x20 e:/iti tranning/matrial/new folder/01- imt sdk/imt_sdk_win_64/winavr/bin/../lib/gcc/avr/4.3.3/avr5\libgcc.a(_si_to_sf.o)
 .debug_aranges
                0x000000e0       0x20 e:/iti tranning/matrial/new folder/01- imt sdk/imt_sdk_win_64/winavr/bin/../lib/gcc/avr/4.3.3/avr5\libgcc.a(_sf_to_si.o)
 .debug_aranges
                0x00000100       0x20 e:/iti tranning/matrial/new folder/01- imt sdk/imt_sdk_win_64/winavr/bin/../lib/gcc/avr/4.3.3/avr5\libgcc.a(_clzsi2.o)
 .debug_aranges
                0x00000120       0x20 e:/iti tranning/matrial/new folder/01- imt sdk/imt_sdk_win_64/winavr/bin/../lib/gcc/avr/4.3.3/avr5\libgcc.a(_pack_sf.o)
 .debug_aranges
                0x00000140       0x20 e:/iti tranning/matrial/new folder/01- imt sdk/imt_sdk_win_64/winavr/bin/../lib/gcc/avr/4.3.3/avr5\libgcc.a(_unpack_sf.o)
 .debug_aranges
                0x00000160       0x20 e:/iti tranning/matrial/new folder/01- imt sdk/imt_sdk_win_64/winavr/bin/../lib/gcc/avr/4.3.3/avr5\libgcc.a(_fpcmp_parts_sf.o)

.debug_pubnames
                0x00000000      0x1d1
 *(.debug_pubnames)
 .debug_pubnames
                0x00000000       0x23 e:/iti tranning/matrial/new folder/01- imt sdk/imt_sdk_win_64/winavr/bin/../lib/gcc/avr/4.3.3/avr5\libgcc.a(_fixunssfsi.o)
 .debug_pubnames
                0x00000023       0x2c e:/iti tranning/matrial/new folder/01- imt sdk/imt_sdk_win_64/winavr/bin/../lib/gcc/avr/4.3.3/avr5\libgcc.a(_addsub_sf.o)
 .debug_pubnames
                0x0000004f       0x1f e:/iti tranning/matrial/new folder/01- imt sdk/imt_sdk_win_64/winavr/bin/../lib/gcc/avr/4.3.3/avr5\libgcc.a(_mul_sf.o)
 .debug_pubnames
                0x0000006e       0x1e e:/iti tranning/matrial/new folder/01- imt sdk/imt_sdk_win_64/winavr/bin/../lib/gcc/avr/4.3.3/avr5\libgcc.a(_gt_sf.o)
 .debug_pubnames
                0x0000008c       0x1e e:/iti tranning/matrial/new folder/01- imt sdk/imt_sdk_win_64/winavr/bin/../lib/gcc/avr/4.3.3/avr5\libgcc.a(_ge_sf.o)
 .debug_pubnames
                0x000000aa       0x1e e:/iti tranning/matrial/new folder/01- imt sdk/imt_sdk_win_64/winavr/bin/../lib/gcc/avr/4.3.3/avr5\libgcc.a(_lt_sf.o)
 .debug_pubnames
                0x000000c8       0x22 e:/iti tranning/matrial/new folder/01- imt sdk/imt_sdk_win_64/winavr/bin/../lib/gcc/avr/4.3.3/avr5\libgcc.a(_si_to_sf.o)
 .debug_pubnames
                0x000000ea       0x20 e:/iti tranning/matrial/new folder/01- imt sdk/imt_sdk_win_64/winavr/bin/../lib/gcc/avr/4.3.3/avr5\libgcc.a(_sf_to_si.o)
 .debug_pubnames
                0x0000010a       0x22 e:/iti tranning/matrial/new folder/01- imt sdk/imt_sdk_win_64/winavr/bin/../lib/gcc/avr/4.3.3/avr5\libgcc.a(_thenan_sf.o)
 .debug_pubnames
                0x0000012c       0x1f e:/iti tranning/matrial/new folder/01- imt sdk/imt_sdk_win_64/winavr/bin/../lib/gcc/avr/4.3.3/avr5\libgcc.a(_clzsi2.o)
 .debug_pubnames
                0x0000014b       0x1f e:/iti tranning/matrial/new folder/01- imt sdk/imt_sdk_win_64/winavr/bin/../lib/gcc/avr/4.3.3/avr5\libgcc.a(_pack_sf.o)
 .debug_pubnames
                0x0000016a       0x21 e:/iti tranning/matrial/new folder/01- imt sdk/imt_sdk_win_64/winavr/bin/../lib/gcc/avr/4.3.3/avr5\libgcc.a(_unpack_sf.o)
 .debug_pubnames
                0x0000018b       0x26 e:/iti tranning/matrial/new folder/01- imt sdk/imt_sdk_win_64/winavr/bin/../lib/gcc/avr/4.3.3/avr5\libgcc.a(_fpcmp_parts_sf.o)
 .debug_pubnames
                0x000001b1       0x20 e:/iti tranning/matrial/new folder/01- imt sdk/imt_sdk_win_64/winavr/bin/../lib/gcc/avr/4.3.3/avr5\libgcc.a(_clz.o)

.debug_info     0x00000000     0x2010
 *(.debug_info)
 .debug_info    0x00000000       0xb1 e:/iti tranning/matrial/new folder/01- imt sdk/imt_sdk_win_64/winavr/bin/../lib/gcc/avr/4.3.3/avr5\libgcc.a(_fixunssfsi.o)
 .debug_info    0x000000b1      0x47a e:/iti tranning/matrial/new folder/01- imt sdk/imt_sdk_win_64/winavr/bin/../lib/gcc/avr/4.3.3/avr5\libgcc.a(_addsub_sf.o)
 .debug_info    0x0000052b      0x485 e:/iti tranning/matrial/new folder/01- imt sdk/imt_sdk_win_64/winavr/bin/../lib/gcc/avr/4.3.3/avr5\libgcc.a(_mul_sf.o)
 .debug_info    0x000009b0      0x27f e:/iti tranning/matrial/new folder/01- imt sdk/imt_sdk_win_64/winavr/bin/../lib/gcc/avr/4.3.3/avr5\libgcc.a(_gt_sf.o)
 .debug_info    0x00000c2f      0x27f e:/iti tranning/matrial/new folder/01- imt sdk/imt_sdk_win_64/winavr/bin/../lib/gcc/avr/4.3.3/avr5\libgcc.a(_ge_sf.o)
 .debug_info    0x00000eae      0x27f e:/iti tranning/matrial/new folder/01- imt sdk/imt_sdk_win_64/winavr/bin/../lib/gcc/avr/4.3.3/avr5\libgcc.a(_lt_sf.o)
 .debug_info    0x0000112d      0x207 e:/iti tranning/matrial/new folder/01- imt sdk/imt_sdk_win_64/winavr/bin/../lib/gcc/avr/4.3.3/avr5\libgcc.a(_si_to_sf.o)
 .debug_info    0x00001334      0x2b0 e:/iti tranning/matrial/new folder/01- imt sdk/imt_sdk_win_64/winavr/bin/../lib/gcc/avr/4.3.3/avr5\libgcc.a(_sf_to_si.o)
 .debug_info    0x000015e4      0x12c e:/iti tranning/matrial/new folder/01- imt sdk/imt_sdk_win_64/winavr/bin/../lib/gcc/avr/4.3.3/avr5\libgcc.a(_thenan_sf.o)
 .debug_info    0x00001710      0x117 e:/iti tranning/matrial/new folder/01- imt sdk/imt_sdk_win_64/winavr/bin/../lib/gcc/avr/4.3.3/avr5\libgcc.a(_clzsi2.o)
 .debug_info    0x00001827      0x2df e:/iti tranning/matrial/new folder/01- imt sdk/imt_sdk_win_64/winavr/bin/../lib/gcc/avr/4.3.3/avr5\libgcc.a(_pack_sf.o)
 .debug_info    0x00001b06      0x251 e:/iti tranning/matrial/new folder/01- imt sdk/imt_sdk_win_64/winavr/bin/../lib/gcc/avr/4.3.3/avr5\libgcc.a(_unpack_sf.o)
 .debug_info    0x00001d57      0x210 e:/iti tranning/matrial/new folder/01- imt sdk/imt_sdk_win_64/winavr/bin/../lib/gcc/avr/4.3.3/avr5\libgcc.a(_fpcmp_parts_sf.o)
 .debug_info    0x00001f67       0xa9 e:/iti tranning/matrial/new folder/01- imt sdk/imt_sdk_win_64/winavr/bin/../lib/gcc/avr/4.3.3/avr5\libgcc.a(_clz.o)
 *(.gnu.linkonce.wi.*)

.debug_abbrev   0x00000000     0x1161
 *(.debug_abbrev)
 .debug_abbrev  0x00000000       0x5d e:/iti tranning/matrial/new folder/01- imt sdk/imt_sdk_win_64/winavr/bin/../lib/gcc/avr/4.3.3/avr5\libgcc.a(_fixunssfsi.o)
 .debug_abbrev  0x0000005d      0x1ea e:/iti tranning/matrial/new folder/01- imt sdk/imt_sdk_win_64/winavr/bin/../lib/gcc/avr/4.3.3/avr5\libgcc.a(_addsub_sf.o)
 .debug_abbrev  0x00000247      0x21b e:/iti tranning/matrial/new folder/01- imt sdk/imt_sdk_win_64/winavr/bin/../lib/gcc/avr/4.3.3/avr5\libgcc.a(_mul_sf.o)
 .debug_abbrev  0x00000462      0x15a e:/iti tranning/matrial/new folder/01- imt sdk/imt_sdk_win_64/winavr/bin/../lib/gcc/avr/4.3.3/avr5\libgcc.a(_gt_sf.o)
 .debug_abbrev  0x000005bc      0x15a e:/iti tranning/matrial/new folder/01- imt sdk/imt_sdk_win_64/winavr/bin/../lib/gcc/avr/4.3.3/avr5\libgcc.a(_ge_sf.o)
 .debug_abbrev  0x00000716      0x15a e:/iti tranning/matrial/new folder/01- imt sdk/imt_sdk_win_64/winavr/bin/../lib/gcc/avr/4.3.3/avr5\libgcc.a(_lt_sf.o)
 .debug_abbrev  0x00000870      0x148 e:/iti tranning/matrial/new folder/01- imt sdk/imt_sdk_win_64/winavr/bin/../lib/gcc/avr/4.3.3/avr5\libgcc.a(_si_to_sf.o)
 .debug_abbrev  0x000009b8      0x17f e:/iti tranning/matrial/new folder/01- imt sdk/imt_sdk_win_64/winavr/bin/../lib/gcc/avr/4.3.3/avr5\libgcc.a(_sf_to_si.o)
 .debug_abbrev  0x00000b37       0xad e:/iti tranning/matrial/new folder/01- imt sdk/imt_sdk_win_64/winavr/bin/../lib/gcc/avr/4.3.3/avr5\libgcc.a(_thenan_sf.o)
 .debug_abbrev  0x00000be4       0xc4 e:/iti tranning/matrial/new folder/01- imt sdk/imt_sdk_win_64/winavr/bin/../lib/gcc/avr/4.3.3/avr5\libgcc.a(_clzsi2.o)
 .debug_abbrev  0x00000ca8      0x1c0 e:/iti tranning/matrial/new folder/01- imt sdk/imt_sdk_win_64/winavr/bin/../lib/gcc/avr/4.3.3/avr5\libgcc.a(_pack_sf.o)
 .debug_abbrev  0x00000e68      0x154 e:/iti tranning/matrial/new folder/01- imt sdk/imt_sdk_win_64/winavr/bin/../lib/gcc/avr/4.3.3/avr5\libgcc.a(_unpack_sf.o)
 .debug_abbrev  0x00000fbc      0x13b e:/iti tranning/matrial/new folder/01- imt sdk/imt_sdk_win_64/winavr/bin/../lib/gcc/avr/4.3.3/avr5\libgcc.a(_fpcmp_parts_sf.o)
 .debug_abbrev  0x000010f7       0x6a e:/iti tranning/matrial/new folder/01- imt sdk/imt_sdk_win_64/winavr/bin/../lib/gcc/avr/4.3.3/avr5\libgcc.a(_clz.o)

.debug_line     0x00000000     0x1003
 *(.debug_line)
 .debug_line    0x00000000       0xa7 e:/iti tranning/matrial/new folder/01- imt sdk/imt_sdk_win_64/winavr/bin/../lib/gcc/avr/4.3.3/avr5\libgcc.a(_fixunssfsi.o)
 .debug_line    0x000000a7      0x2af e:/iti tranning/matrial/new folder/01- imt sdk/imt_sdk_win_64/winavr/bin/../lib/gcc/avr/4.3.3/avr5\libgcc.a(_addsub_sf.o)
 .debug_line    0x00000356      0x239 e:/iti tranning/matrial/new folder/01- imt sdk/imt_sdk_win_64/winavr/bin/../lib/gcc/avr/4.3.3/avr5\libgcc.a(_mul_sf.o)
 .debug_line    0x0000058f       0xd3 e:/iti tranning/matrial/new folder/01- imt sdk/imt_sdk_win_64/winavr/bin/../lib/gcc/avr/4.3.3/avr5\libgcc.a(_gt_sf.o)
 .debug_line    0x00000662       0xd3 e:/iti tranning/matrial/new folder/01- imt sdk/imt_sdk_win_64/winavr/bin/../lib/gcc/avr/4.3.3/avr5\libgcc.a(_ge_sf.o)
 .debug_line    0x00000735       0xd3 e:/iti tranning/matrial/new folder/01- imt sdk/imt_sdk_win_64/winavr/bin/../lib/gcc/avr/4.3.3/avr5\libgcc.a(_lt_sf.o)
 .debug_line    0x00000808      0x135 e:/iti tranning/matrial/new folder/01- imt sdk/imt_sdk_win_64/winavr/bin/../lib/gcc/avr/4.3.3/avr5\libgcc.a(_si_to_sf.o)
 .debug_line    0x0000093d      0x109 e:/iti tranning/matrial/new folder/01- imt sdk/imt_sdk_win_64/winavr/bin/../lib/gcc/avr/4.3.3/avr5\libgcc.a(_sf_to_si.o)
 .debug_line    0x00000a46       0x90 e:/iti tranning/matrial/new folder/01- imt sdk/imt_sdk_win_64/winavr/bin/../lib/gcc/avr/4.3.3/avr5\libgcc.a(_thenan_sf.o)
 .debug_line    0x00000ad6       0xa5 e:/iti tranning/matrial/new folder/01- imt sdk/imt_sdk_win_64/winavr/bin/../lib/gcc/avr/4.3.3/avr5\libgcc.a(_clzsi2.o)
 .debug_line    0x00000b7b      0x18a e:/iti tranning/matrial/new folder/01- imt sdk/imt_sdk_win_64/winavr/bin/../lib/gcc/avr/4.3.3/avr5\libgcc.a(_pack_sf.o)
 .debug_line    0x00000d05      0x14b e:/iti tranning/matrial/new folder/01- imt sdk/imt_sdk_win_64/winavr/bin/../lib/gcc/avr/4.3.3/avr5\libgcc.a(_unpack_sf.o)
 .debug_line    0x00000e50      0x137 e:/iti tranning/matrial/new folder/01- imt sdk/imt_sdk_win_64/winavr/bin/../lib/gcc/avr/4.3.3/avr5\libgcc.a(_fpcmp_parts_sf.o)
 .debug_line    0x00000f87       0x7c e:/iti tranning/matrial/new folder/01- imt sdk/imt_sdk_win_64/winavr/bin/../lib/gcc/avr/4.3.3/avr5\libgcc.a(_clz.o)

.debug_frame    0x00000000      0x1a0
 *(.debug_frame)
 .debug_frame   0x00000000       0x20 e:/iti tranning/matrial/new folder/01- imt sdk/imt_sdk_win_64/winavr/bin/../lib/gcc/avr/4.3.3/avr5\libgcc.a(_fixunssfsi.o)
 .debug_frame   0x00000020       0x40 e:/iti tranning/matrial/new folder/01- imt sdk/imt_sdk_win_64/winavr/bin/../lib/gcc/avr/4.3.3/avr5\libgcc.a(_addsub_sf.o)
 .debug_frame   0x00000060       0x20 e:/iti tranning/matrial/new folder/01- imt sdk/imt_sdk_win_64/winavr/bin/../lib/gcc/avr/4.3.3/avr5\libgcc.a(_mul_sf.o)
 .debug_frame   0x00000080       0x20 e:/iti tranning/matrial/new folder/01- imt sdk/imt_sdk_win_64/winavr/bin/../lib/gcc/avr/4.3.3/avr5\libgcc.a(_gt_sf.o)
 .debug_frame   0x000000a0       0x20 e:/iti tranning/matrial/new folder/01- imt sdk/imt_sdk_win_64/winavr/bin/../lib/gcc/avr/4.3.3/avr5\libgcc.a(_ge_sf.o)
 .debug_frame   0x000000c0       0x20 e:/iti tranning/matrial/new folder/01- imt sdk/imt_sdk_win_64/winavr/bin/../lib/gcc/avr/4.3.3/avr5\libgcc.a(_lt_sf.o)
 .debug_frame   0x000000e0       0x20 e:/iti tranning/matrial/new folder/01- imt sdk/imt_sdk_win_64/winavr/bin/../lib/gcc/avr/4.3.3/avr5\libgcc.a(_si_to_sf.o)
 .debug_frame   0x00000100       0x20 e:/iti tranning/matrial/new folder/01- imt sdk/imt_sdk_win_64/winavr/bin/../lib/gcc/avr/4.3.3/avr5\libgcc.a(_sf_to_si.o)
 .debug_frame   0x00000120       0x20 e:/iti tranning/matrial/new folder/01- imt sdk/imt_sdk_win_64/winavr/bin/../lib/gcc/avr/4.3.3/avr5\libgcc.a(_clzsi2.o)
 .debug_frame   0x00000140       0x20 e:/iti tranning/matrial/new folder/01- imt sdk/imt_sdk_win_64/winavr/bin/../lib/gcc/avr/4.3.3/avr5\libgcc.a(_pack_sf.o)
 .debug_frame   0x00000160       0x20 e:/iti tranning/matrial/new folder/01- imt sdk/imt_sdk_win_64/winavr/bin/../lib/gcc/avr/4.3.3/avr5\libgcc.a(_unpack_sf.o)
 .debug_frame   0x00000180       0x20 e:/iti tranning/matrial/new folder/01- imt sdk/imt_sdk_win_64/winavr/bin/../lib/gcc/avr/4.3.3/avr5\libgcc.a(_fpcmp_parts_sf.o)

.debug_str      0x00000000      0x2be
 *(.debug_str)
 .debug_str     0x00000000       0xbf e:/iti tranning/matrial/new folder/01- imt sdk/imt_sdk_win_64/winavr/bin/../lib/gcc/avr/4.3.3/avr5\libgcc.a(_fixunssfsi.o)
                                 0xfe (size before relaxing)
 .debug_str     0x000000bf      0x14d e:/iti tranning/matrial/new folder/01- imt sdk/imt_sdk_win_64/winavr/bin/../lib/gcc/avr/4.3.3/avr5\libgcc.a(_addsub_sf.o)
                                0x206 (size before relaxing)
 .debug_str     0x0000020c       0x27 e:/iti tranning/matrial/new folder/01- imt sdk/imt_sdk_win_64/winavr/bin/../lib/gcc/avr/4.3.3/avr5\libgcc.a(_mul_sf.o)
                                0x1bf (size before relaxing)
 .debug_str     0x00000233        0x8 e:/iti tranning/matrial/new folder/01- imt sdk/imt_sdk_win_64/winavr/bin/../lib/gcc/avr/4.3.3/avr5\libgcc.a(_gt_sf.o)
                                0x195 (size before relaxing)
 .debug_str     0x0000023b        0x8 e:/iti tranning/matrial/new folder/01- imt sdk/imt_sdk_win_64/winavr/bin/../lib/gcc/avr/4.3.3/avr5\libgcc.a(_ge_sf.o)
                                0x195 (size before relaxing)
 .debug_str     0x00000243        0x8 e:/iti tranning/matrial/new folder/01- imt sdk/imt_sdk_win_64/winavr/bin/../lib/gcc/avr/4.3.3/avr5\libgcc.a(_lt_sf.o)
                                0x195 (size before relaxing)
 .debug_str     0x0000024b       0x1e e:/iti tranning/matrial/new folder/01- imt sdk/imt_sdk_win_64/winavr/bin/../lib/gcc/avr/4.3.3/avr5\libgcc.a(_si_to_sf.o)
                                0x17b (size before relaxing)
 .debug_str     0x00000269        0xa e:/iti tranning/matrial/new folder/01- imt sdk/imt_sdk_win_64/winavr/bin/../lib/gcc/avr/4.3.3/avr5\libgcc.a(_sf_to_si.o)
                                0x19e (size before relaxing)
 .debug_str     0x00000000      0x103 e:/iti tranning/matrial/new folder/01- imt sdk/imt_sdk_win_64/winavr/bin/../lib/gcc/avr/4.3.3/avr5\libgcc.a(_thenan_sf.o)
 .debug_str     0x00000273       0x20 e:/iti tranning/matrial/new folder/01- imt sdk/imt_sdk_win_64/winavr/bin/../lib/gcc/avr/4.3.3/avr5\libgcc.a(_clzsi2.o)
                                0x111 (size before relaxing)
 .debug_str     0x00000293       0x10 e:/iti tranning/matrial/new folder/01- imt sdk/imt_sdk_win_64/winavr/bin/../lib/gcc/avr/4.3.3/avr5\libgcc.a(_pack_sf.o)
                                0x19d (size before relaxing)
 .debug_str     0x000002a3        0xb e:/iti tranning/matrial/new folder/01- imt sdk/imt_sdk_win_64/winavr/bin/../lib/gcc/avr/4.3.3/avr5\libgcc.a(_unpack_sf.o)
                                0x17f (size before relaxing)
 .debug_str     0x000002ae       0x10 e:/iti tranning/matrial/new folder/01- imt sdk/imt_sdk_win_64/winavr/bin/../lib/gcc/avr/4.3.3/avr5\libgcc.a(_fpcmp_parts_sf.o)
                                0x163 (size before relaxing)
 .debug_str     0x00000000       0xf4 e:/iti tranning/matrial/new folder/01- imt sdk/imt_sdk_win_64/winavr/bin/../lib/gcc/avr/4.3.3/avr5\libgcc.a(_clz.o)

.debug_loc      0x00000000      0x90e
 *(.debug_loc)
 .debug_loc     0x00000000       0x34 e:/iti tranning/matrial/new folder/01- imt sdk/imt_sdk_win_64/winavr/bin/../lib/gcc/avr/4.3.3/avr5\libgcc.a(_fixunssfsi.o)
 .debug_loc     0x00000034      0x32a e:/iti tranning/matrial/new folder/01- imt sdk/imt_sdk_win_64/winavr/bin/../lib/gcc/avr/4.3.3/avr5\libgcc.a(_addsub_sf.o)
 .debug_loc     0x0000035e      0x104 e:/iti tranning/matrial/new folder/01- imt sdk/imt_sdk_win_64/winavr/bin/../lib/gcc/avr/4.3.3/avr5\libgcc.a(_mul_sf.o)
 .debug_loc     0x00000462       0x3c e:/iti tranning/matrial/new folder/01- imt sdk/imt_sdk_win_64/winavr/bin/../lib/gcc/avr/4.3.3/avr5\libgcc.a(_gt_sf.o)
 .debug_loc     0x0000049e       0x3c e:/iti tranning/matrial/new folder/01- imt sdk/imt_sdk_win_64/winavr/bin/../lib/gcc/avr/4.3.3/avr5\libgcc.a(_ge_sf.o)
 .debug_loc     0x000004da       0x3c e:/iti tranning/matrial/new folder/01- imt sdk/imt_sdk_win_64/winavr/bin/../lib/gcc/avr/4.3.3/avr5\libgcc.a(_lt_sf.o)
 .debug_loc     0x00000516       0xac e:/iti tranning/matrial/new folder/01- imt sdk/imt_sdk_win_64/winavr/bin/../lib/gcc/avr/4.3.3/avr5\libgcc.a(_si_to_sf.o)
 .debug_loc     0x000005c2       0x7e e:/iti tranning/matrial/new folder/01- imt sdk/imt_sdk_win_64/winavr/bin/../lib/gcc/avr/4.3.3/avr5\libgcc.a(_sf_to_si.o)
 .debug_loc     0x00000640       0x94 e:/iti tranning/matrial/new folder/01- imt sdk/imt_sdk_win_64/winavr/bin/../lib/gcc/avr/4.3.3/avr5\libgcc.a(_clzsi2.o)
 .debug_loc     0x000006d4      0x13e e:/iti tranning/matrial/new folder/01- imt sdk/imt_sdk_win_64/winavr/bin/../lib/gcc/avr/4.3.3/avr5\libgcc.a(_pack_sf.o)
 .debug_loc     0x00000812       0xac e:/iti tranning/matrial/new folder/01- imt sdk/imt_sdk_win_64/winavr/bin/../lib/gcc/avr/4.3.3/avr5\libgcc.a(_unpack_sf.o)
 .debug_loc     0x000008be       0x50 e:/iti tranning/matrial/new folder/01- imt sdk/imt_sdk_win_64/winavr/bin/../lib/gcc/avr/4.3.3/avr5\libgcc.a(_fpcmp_parts_sf.o)

.debug_macinfo
 *(.debug_macinfo)
OUTPUT(Final_project.elf elf32-avr)
LOAD linker stubs

.debug_ranges   0x00000000       0x50
 .debug_ranges  0x00000000       0x50 e:/iti tranning/matrial/new folder/01- imt sdk/imt_sdk_win_64/winavr/bin/../lib/gcc/avr/4.3.3/avr5\libgcc.a(_mul_sf.o)
